---
source: src/tests/e2e/cases.rs
assertion_line: 1050
expression: last_snapshot
---
 Zellij (e2e-test)  Tab #1 
┌ Pane #1 ───────────────────────────────────────┐┌ Pane #2 ───────────────────────────────────────┐                    
│$                                               ││$ █                                             │                    
│                                                ││                                                │                    
│                                                ││                                                │                    
│                                                ││                                                │                    
│                                                ││                                                │                    
│                                                ││                                                │                    
│                                                ││                                                │                    
│                                                ││                                                │                    
│                                                ││                                                │                    
│                                                ││                                                │                    
│                                                ││                                                │                    
│                                                ││                                                │                    
│                                                ││                                                │                    
│                                                ││                                                │                    
│                                                ││                                                │                    
│                                                ││                                                │                    
│                                                ││                                                │                    
│                                                ││                                                │                    
│                                                ││                                                │                    
│                                                ││                                                │                    
└────────────────────────────────────────────────┘└────────────────────────────────────────────────┘                    
 Ctrl + g  p  t  n  h  s  o  q       Alt +  <n> New Pane  <←↓↑→> Change Focus                      
