---
source: zellij-server/src/plugins/./unit/plugin_tests.rs
assertion_line: 5500
expression: "format!(\"{:#?}\", permissions)"
---
Some(
    [
        ReadApplicationState,
        ChangeApplicationState,
        OpenFiles,
        RunCommands,
        OpenTerminalsOrPlugins,
        WriteToStdin,
        WebAccess,
        ReadCliPipes,
        MessageAndLaunchOtherPlugins,
        RebindKeys,
    ],
)
